---
source: apps/orchestral-cli/src/tui/render.rs
expression: "render_to_string(&state, 40, 12)"
---
 Orchestral            waiting approval
┌ Approval required ───────────────────┐
│ Run workspace tests with cargo       │
│                                      │
│ [a] allow   [d] deny                 │
│                                      │
│                                      │
└──────────────────────────────────────┘
┌ Approval response ───────────────────┐
│ Choose allow or deny                 │
└──────────────────────────────────────┘
 Ctrl+C cancel  Esc quit
