---
source: apps/orchestral-cli/src/tui/render.rs
expression: "render_to_string(&state, 80, 24)"
---
  Orchestral  ·  gpt-5.6                                               ? input

    ? Input requested

    Which package should receive the compatibility fix?

    Reply below, then press Enter













  › orchestral-runtime
    保留协议兼容性

  enter send  ·  ctrl+c interrupt                pgup/pgdn scroll  ·  esc quit
