---
source: apps/orchestral-cli/src/tui/render.rs
expression: "render_to_string(&state, 120, 40)"
---
  Orchestral  ·  gemini-3.1-pro                                                                                 ✓ done
  › 按照发布检查 Skill 验证 checkout 服务；如果远程查询失败，就用本地测试恢复。

  ✓ Loaded 1 skill
    └ code-fix
  × Called 1 MCP tool · 1 failed
    └ mcp__inventory__deployment_color (failed)
  ✓ Ran 1 command
    └ cargo test -p orchestral-cli

  • 已恢复完成：MCP 查询超时，但本地发布检查的 18 项测试全部通过；没有发现需要修改的文件。


























  › Ask Orchestral to do anything…

  enter send  ·  shift+enter newline                                                    pgup/pgdn · ^y copy · esc quit
